error: packet id is required
 --> tests/compile_fail/invalid_type.rs:4:1
  |
4 | / struct Foo {
5 | |     bar: Vec<u8>,
6 | | }
  | |_^
